EMPLOYEE_ID,PERIOD_START,WORK_HOURS_DEVIATION_PER_PERIOD,DID_OVERTIME_IN_PERIOD
104.0,2018-08-27,0.0,0
104.0,2018-08-28,0.5,1
